2026-09-25 01:53:45 | INFO     | __main__:main:33 - ============================================================
2026-09-25 01:53:45 | INFO     | __main__:main:34 - 短线选股监控系统 v1.0.0 启动
2026-09-25 01:53:45 | INFO     | __main__:main:35 - ============================================================
2026-09-25 01:53:45 | INFO     | __main__:main:51 - 模式：监控 + Web面板
2026-09-25 01:53:49 | INFO     | src.data.data_fetcher:_init_akshare:22 - akshare 初始化成功
2026-09-25 01:53:49 | INFO     | src.scheduler.monitor_scheduler:start:51 - ============================================================
2026-09-25 01:53:49 | INFO     | src.scheduler.monitor_scheduler:start:52 - 短线选股监控系统启动
2026-09-25 01:53:49 | INFO     | src.web.app:run_web:272 - Web Dashboard 启动: http://0.0.0.0:8080
2026-09-25 01:53:49 | INFO     | src.scheduler.monitor_scheduler:start:53 - 飞书通知: 开启
2026-09-25 01:53:49 | INFO     | src.scheduler.monitor_scheduler:start:54 - 自选股: 无
2026-09-25 01:53:49 | INFO     | src.scheduler.monitor_scheduler:start:55 - ============================================================
2026-09-25 01:53:49 | INFO     | src.scheduler.monitor_scheduler:_register_jobs:133 - 定时任务注册完成
2026-09-25 01:53:49 | INFO     | src.scheduler.monitor_scheduler:_full_check:241 - 执行启动全量检查...
2026-09-25 01:54:12 | INFO     | src.data.data_fetcher:_init_akshare:22 - akshare 初始化成功
2026-09-25 01:54:16 | INFO     | src.monitor.capital_flow:check:85 - 资金流向检查完成: 净流入0只, 热门板块0个, 北向0.00亿
2026-09-25 01:54:16 | INFO     | src.scheduler.monitor_scheduler:start:64 - 监控调度器已启动，按 Ctrl+C 停止
2026-09-25 01:54:47 | INFO     | src.data.data_fetcher:_init_akshare:22 - akshare 初始化成功
2026-09-25 01:55:25 | INFO     | src.data.data_fetcher:_init_akshare:22 - akshare 初始化成功
2026-09-25 09:00:00 | INFO     | src.monitor.capital_flow:check:85 - 资金流向检查完成: 净流入0只, 热门板块0个, 北向0.00亿
2026-09-25 09:10:00 | INFO     | src.monitor.capital_flow:check:85 - 资金流向检查完成: 净流入0只, 热门板块0个, 北向0.00亿
2026-09-25 09:20:00 | INFO     | src.monitor.capital_flow:check:85 - 资金流向检查完成: 净流入0只, 热门板块0个, 北向0.00亿
2026-09-25 09:30:00 | INFO     | src.monitor.capital_flow:check:85 - 资金流向检查完成: 净流入0只, 热门板块0个, 北向0.00亿
2026-09-25 09:40:00 | INFO     | src.monitor.capital_flow:check:85 - 资金流向检查完成: 净流入0只, 热门板块0个, 北向0.00亿
2026-09-25 09:50:00 | INFO     | src.monitor.capital_flow:check:85 - 资金流向检查完成: 净流入0只, 热门板块0个, 北向0.00亿
2026-09-25 10:00:00 | INFO     | src.monitor.capital_flow:check:85 - 资金流向检查完成: 净流入0只, 热门板块0个, 北向0.00亿
2026-09-25 10:10:00 | INFO     | src.monitor.capital_flow:check:85 - 资金流向检查完成: 净流入0只, 热门板块0个, 北向0.00亿
2026-09-25 10:20:00 | INFO     | src.monitor.capital_flow:check:85 - 资金流向检查完成: 净流入0只, 热门板块0个, 北向0.00亿
2026-09-25 10:30:00 | INFO     | src.monitor.capital_flow:check:85 - 资金流向检查完成: 净流入0只, 热门板块0个, 北向0.00亿
2026-09-25 10:40:00 | INFO     | src.monitor.capital_flow:check:85 - 资金流向检查完成: 净流入0只, 热门板块0个, 北向0.00亿
2026-09-25 10:50:00 | INFO     | src.monitor.capital_flow:check:85 - 资金流向检查完成: 净流入0只, 热门板块0个, 北向0.00亿
2026-09-25 11:00:00 | INFO     | src.monitor.capital_flow:check:85 - 资金流向检查完成: 净流入0只, 热门板块0个, 北向0.00亿
2026-09-25 11:10:00 | INFO     | src.monitor.capital_flow:check:85 - 资金流向检查完成: 净流入0只, 热门板块0个, 北向0.00亿
2026-09-25 11:20:00 | INFO     | src.monitor.capital_flow:check:85 - 资金流向检查完成: 净流入0只, 热门板块0个, 北向0.00亿
2026-09-25 11:30:00 | INFO     | src.monitor.capital_flow:check:85 - 资金流向检查完成: 净流入0只, 热门板块0个, 北向0.00亿
2026-09-25 11:40:00 | INFO     | src.monitor.capital_flow:check:85 - 资金流向检查完成: 净流入0只, 热门板块0个, 北向0.00亿
2026-09-25 11:50:00 | INFO     | src.monitor.capital_flow:check:85 - 资金流向检查完成: 净流入0只, 热门板块0个, 北向0.00亿
2026-09-25 13:00:00 | INFO     | src.monitor.capital_flow:check:85 - 资金流向检查完成: 净流入0只, 热门板块0个, 北向0.00亿
2026-09-25 13:10:00 | INFO     | src.monitor.capital_flow:check:85 - 资金流向检查完成: 净流入0只, 热门板块0个, 北向0.00亿
2026-09-25 13:20:00 | INFO     | src.monitor.capital_flow:check:85 - 资金流向检查完成: 净流入0只, 热门板块0个, 北向0.00亿
2026-09-25 13:30:00 | INFO     | src.monitor.capital_flow:check:85 - 资金流向检查完成: 净流入0只, 热门板块0个, 北向0.00亿
2026-09-25 13:40:00 | INFO     | src.monitor.capital_flow:check:85 - 资金流向检查完成: 净流入0只, 热门板块0个, 北向0.00亿
2026-09-25 13:50:00 | INFO     | src.monitor.capital_flow:check:85 - 资金流向检查完成: 净流入0只, 热门板块0个, 北向0.00亿
2026-09-25 14:00:00 | INFO     | src.monitor.capital_flow:check:85 - 资金流向检查完成: 净流入0只, 热门板块0个, 北向0.00亿
2026-09-25 14:10:00 | INFO     | src.monitor.capital_flow:check:85 - 资金流向检查完成: 净流入0只, 热门板块0个, 北向0.00亿
2026-09-25 14:20:00 | INFO     | src.monitor.capital_flow:check:85 - 资金流向检查完成: 净流入0只, 热门板块0个, 北向0.00亿
2026-09-25 14:30:01 | INFO     | src.monitor.capital_flow:check:85 - 资金流向检查完成: 净流入0只, 热门板块0个, 北向0.00亿
2026-09-25 14:40:01 | INFO     | src.monitor.capital_flow:check:85 - 资金流向检查完成: 净流入0只, 热门板块0个, 北向0.00亿
2026-09-25 14:50:01 | INFO     | src.monitor.capital_flow:check:85 - 资金流向检查完成: 净流入0只, 热门板块0个, 北向0.00亿
2026-09-25 15:10:00 | INFO     | src.monitor.limit_up_monitor:analyze:46 - 涨停板分析: 52家涨停, 最高5板
2026-09-25 15:10:00 | ERROR    | src.notification.feishu_bot:send_interactive_card:143 - 飞书卡片通知异常: Invalid URL '${FEISHU_WEBHOOK_URL}': No scheme supplied. Perhaps you meant https://${FEISHU_WEBHOOK_URL}?
2026-09-25 16:00:00 | ERROR    | src.notification.feishu_bot:send_interactive_card:143 - 飞书卡片通知异常: Invalid URL '${FEISHU_WEBHOOK_URL}': No scheme supplied. Perhaps you meant https://${FEISHU_WEBHOOK_URL}?
2026-09-25 16:00:00 | INFO     | src.scheduler.monitor_scheduler:_daily_summary:235 - 每日总结已发送
2026-09-25 16:21:44 | INFO     | src.data.data_fetcher:_init_akshare:22 - akshare 初始化成功
