2026-09-22 09:00:00 | INFO     | src.monitor.capital_flow:check:85 - 资金流向检查完成: 净流入0只, 热门板块0个, 北向0.00亿
2026-09-22 09:10:00 | INFO     | src.monitor.capital_flow:check:85 - 资金流向检查完成: 净流入0只, 热门板块0个, 北向0.00亿
2026-09-22 09:20:00 | INFO     | src.monitor.capital_flow:check:85 - 资金流向检查完成: 净流入0只, 热门板块0个, 北向0.00亿
2026-09-22 09:30:00 | INFO     | src.monitor.capital_flow:check:85 - 资金流向检查完成: 净流入0只, 热门板块0个, 北向0.00亿
2026-09-22 09:35:07 | ERROR    | src.monitor.news_monitor:check:69 - 新闻监控异常: name 'hashlib' is not defined
2026-09-22 09:39:56 | ERROR    | src.monitor.news_monitor:check:69 - 新闻监控异常: name 'hashlib' is not defined
2026-09-22 09:40:20 | INFO     | src.monitor.capital_flow:check:85 - 资金流向检查完成: 净流入0只, 热门板块0个, 北向0.00亿
2026-09-22 09:44:55 | ERROR    | src.monitor.news_monitor:check:69 - 新闻监控异常: name 'hashlib' is not defined
2026-09-22 09:49:57 | ERROR    | src.monitor.news_monitor:check:69 - 新闻监控异常: name 'hashlib' is not defined
2026-09-22 09:50:08 | INFO     | src.monitor.capital_flow:check:85 - 资金流向检查完成: 净流入0只, 热门板块0个, 北向0.00亿
2026-09-22 10:00:09 | INFO     | src.monitor.capital_flow:check:85 - 资金流向检查完成: 净流入0只, 热门板块0个, 北向0.00亿
2026-09-22 10:10:12 | INFO     | src.monitor.capital_flow:check:85 - 资金流向检查完成: 净流入0只, 热门板块0个, 北向0.00亿
2026-09-22 10:20:06 | INFO     | src.monitor.capital_flow:check:85 - 资金流向检查完成: 净流入0只, 热门板块0个, 北向0.00亿
2026-09-22 10:30:08 | INFO     | src.monitor.capital_flow:check:85 - 资金流向检查完成: 净流入0只, 热门板块0个, 北向0.00亿
2026-09-22 10:40:04 | INFO     | src.monitor.capital_flow:check:85 - 资金流向检查完成: 净流入0只, 热门板块0个, 北向0.00亿
2026-09-22 10:50:07 | INFO     | src.monitor.capital_flow:check:85 - 资金流向检查完成: 净流入0只, 热门板块0个, 北向0.00亿
2026-09-22 11:00:09 | INFO     | src.monitor.capital_flow:check:85 - 资金流向检查完成: 净流入0只, 热门板块0个, 北向0.00亿
2026-09-22 11:10:10 | INFO     | src.monitor.capital_flow:check:85 - 资金流向检查完成: 净流入0只, 热门板块0个, 北向0.00亿
2026-09-22 11:20:08 | INFO     | src.monitor.capital_flow:check:85 - 资金流向检查完成: 净流入0只, 热门板块0个, 北向0.00亿
2026-09-22 11:30:13 | INFO     | src.monitor.capital_flow:check:85 - 资金流向检查完成: 净流入0只, 热门板块0个, 北向0.00亿
2026-09-22 11:40:08 | INFO     | src.monitor.capital_flow:check:85 - 资金流向检查完成: 净流入0只, 热门板块0个, 北向0.00亿
2026-09-22 11:50:06 | INFO     | src.monitor.capital_flow:check:85 - 资金流向检查完成: 净流入0只, 热门板块0个, 北向0.00亿
2026-09-22 13:00:12 | INFO     | src.monitor.capital_flow:check:85 - 资金流向检查完成: 净流入0只, 热门板块0个, 北向0.00亿
2026-09-22 13:10:06 | INFO     | src.monitor.capital_flow:check:85 - 资金流向检查完成: 净流入0只, 热门板块0个, 北向0.00亿
2026-09-22 13:20:12 | INFO     | src.monitor.capital_flow:check:85 - 资金流向检查完成: 净流入0只, 热门板块0个, 北向0.00亿
2026-09-22 13:30:10 | INFO     | src.monitor.capital_flow:check:85 - 资金流向检查完成: 净流入0只, 热门板块0个, 北向0.00亿
2026-09-22 13:40:18 | INFO     | src.monitor.capital_flow:check:85 - 资金流向检查完成: 净流入0只, 热门板块0个, 北向0.00亿
2026-09-22 13:50:08 | INFO     | src.monitor.capital_flow:check:85 - 资金流向检查完成: 净流入0只, 热门板块0个, 北向0.00亿
2026-09-22 14:00:10 | INFO     | src.monitor.capital_flow:check:85 - 资金流向检查完成: 净流入0只, 热门板块0个, 北向0.00亿
2026-09-22 14:10:07 | INFO     | src.monitor.capital_flow:check:85 - 资金流向检查完成: 净流入0只, 热门板块0个, 北向0.00亿
2026-09-22 14:20:10 | INFO     | src.monitor.capital_flow:check:85 - 资金流向检查完成: 净流入0只, 热门板块0个, 北向0.00亿
2026-09-22 14:30:17 | INFO     | src.monitor.capital_flow:check:85 - 资金流向检查完成: 净流入0只, 热门板块0个, 北向0.00亿
2026-09-22 14:40:10 | INFO     | src.monitor.capital_flow:check:85 - 资金流向检查完成: 净流入0只, 热门板块0个, 北向0.00亿
2026-09-22 14:50:11 | INFO     | src.monitor.capital_flow:check:85 - 资金流向检查完成: 净流入0只, 热门板块0个, 北向0.00亿
2026-09-22 15:10:00 | INFO     | src.monitor.limit_up_monitor:analyze:46 - 涨停板分析: 63家涨停, 最高6板
2026-09-22 15:10:00 | ERROR    | src.notification.feishu_bot:send_interactive_card:143 - 飞书卡片通知异常: Invalid URL '${FEISHU_WEBHOOK_URL}': No scheme supplied. Perhaps you meant https://${FEISHU_WEBHOOK_URL}?
2026-09-22 16:00:00 | ERROR    | src.notification.feishu_bot:send_interactive_card:143 - 飞书卡片通知异常: Invalid URL '${FEISHU_WEBHOOK_URL}': No scheme supplied. Perhaps you meant https://${FEISHU_WEBHOOK_URL}?
2026-09-22 16:00:00 | INFO     | src.scheduler.monitor_scheduler:_daily_summary:235 - 每日总结已发送
